  CXX compiler/frontend/representation/type.cc
  CXX compiler/frontend/representation/value.cc
  CXX compiler/frontend/representation/operation.cc
  CXX compiler/frontend/representation/block.cc
  CXX compiler/frontend/operator/convolution.cc
  CXX compiler/frontend/operator/linear.cc
  CXX compiler/frontend/operator/normalization.cc
  CXX compiler/frontend/operator/activation.cc
  CXX compiler/diagnostics/logger.cc
  CXX source/language/model_format.cc
  CXX compiler/frontend/ingressor/model_reader.cc
  CXX compiler/frontend/ingressor/model_writer.cc
  CXX compiler/frontend/ingressor/resource_analyzer.cc
  CXX source/parallel/parallel_for.cc
  CXX compiler/frontend/parser/value_resolver.cc
  CXX compiler/frontend/parser/sema.cc
  CXX compiler/frontend/parser/parser.cc
  CXX compiler/analysis/updater/pass_manager.cc
  CXX compiler/analysis/updater/conv_lowering.cc
  CXX compiler/analysis/updater/dce.cc
  CXX compiler/analysis/algebra/epilogue_fuser.cc
  CXX compiler/analysis/algebra/rope_table.cc
  CXX compiler/analysis/algebra/chain_fuser.cc
  CXX compiler/analysis/algebra/addend_fuser.cc
  CXX compiler/analysis/algebra/attention_tiling.cc
  CXX compiler/analysis/algebra/lora_grafter.cc
  CXX compiler/analysis/algebra/merge_builder.cc
  CXX compiler/analysis/calculus/autodiff.cc
  CXX compiler/analysis/calculus/optimizer.cc
  CXX compiler/analysis/reviewer/quantization.cc
  CXX compiler/backend/architecture/host_arch.cc
  CXX compiler/backend/tuner/kernel_policy_table.cc
  CXX compiler/backend/trainer/arena_binder.cc
  CXX compiler/backend/trainer/instruction_lowering.cc
  CXX compiler/backend/trainer/kernel_emitter.cc
  CXX compiler/driver/contract.cc
  CXX compiler/driver/update_compiler.cc
  CXX compiler/backend/trainer/native_emitter.cc
  CXX runtime/executor/gemm.cc
  CXX runtime/executor/elementwise.cc
  CXX runtime/executor/activation.cc
  CXX runtime/executor/normalization.cc
  CXX runtime/executor/loss.cc
  CXX runtime/executor/optimizer.cc
  CXX runtime/executor/attention.cc
  CXX runtime/executor/backend.cc
  CXX runtime/executor/cpu_backend.cc
  OBJCXX runtime/executor/metal_gemm.mm
  OBJCXX runtime/executor/metal_backend.mm
  CXX runtime/feeder/dataset.cc
  CXX runtime/feeder/batch_pipeline.cc
  CXX runtime/custodian/durable_io.cc
  CXX runtime/validator/plan_validator.cc
  CXX runtime/custodian/checkpoint.cc
  CXX runtime/engine/contract.cc
  CXX runtime/engine/update_engine.cc
  CXX tool/seeml_update_compile.cc
  CXX tool/seeml_seeu_dump.cc
  CXX tool/seeml_plan_probe.cc
  CXX tool/seeml_abi.cc
  CXX test/framework/registry.cc
  CXX test/framework/seetest_main.cc
  CXX test/support/scoped_temp_dir.cc
  CXX test/support/models.cc
  CXX test/support/corpora.cc
  CXX test/support/probes.cc
  LINK seeml-update-compile
  LINK seeml-seeu-dump
  LINK seeml-abi
  LINK seeml-plan-probe
  CXX+LINK seeml_hash_test
  CXX+LINK seeml_parallel_for_test
  CXX+LINK seeml_model_io_test
  CXX+LINK seeml_golden_fixture_test
  CXX+LINK seeml_resource_analyzer_test
  CXX+LINK seeml_sir_test
  CXX+LINK seeml_operator_test
  CXX+LINK seeml_parser_test
  CXX+LINK seeml_update_passes_test
  CXX+LINK seeml_updater_test
  CXX+LINK seeml_reviewer_test
  CXX+LINK seeml_tuner_test
  CXX+LINK seeml_trainer_test
  CXX+LINK seeml_native_emitter_test
  CXX+LINK seeml_update_compiler_test
  CXX+LINK seeml_driver_test
  CXX+LINK seeml_diagnostics_test
  CXX+LINK seeml_dataset_test
  CXX+LINK seeml_batch_pipeline_test
  CXX+LINK seeml_kernels_test
  CXX+LINK seeml_metal_gemm_test
  CXX+LINK seeml_metal_backend_test
  CXX+LINK seeml_validator_test
  CXX+LINK seeml_custodian_test
  CXX+LINK seeml_engine_test
  CXX+LINK seeml_update_engine_test
  CXX+LINK seeml_update_system_test
build complete
build exit 0
